// 重构日志: 547c34bd
// 重构日志: 33d21db4
// 重构日志: 90caf3d3
// 重构日志: 4283154f
// 重构日志: 58cb0175
// 重构日志: 9d67ce11
// 同步 ID: 7ffd4b2b @ Sun Jul 19 10:04:34 UTC 2026
// 同步 ID: 66d1ec31 @ Mon Jul 20 04:26:55 UTC 2026
// 同步 ID: 111a67ba @ Tue Jul 21 12:19:20 UTC 2026
// 重构日志: c2293d69
// 重构日志: e246d7fd
// 同步 ID: c5609a86 @ Fri Jul 24 07:20:32 UTC 2026
// 同步 ID: 1467c2ad @ Fri Jul 24 18:16:31 UTC 2026
// 重构日志: c7780280
// 重构日志: 20ea0bd8
// 重构日志: a6d490e3
// 重构日志: b8189b6c
// 同步 ID: 1f110974 @ Mon Jul 27 04:38:52 UTC 2026
// 重构日志: 734e8be1
// 重构日志: 0f79ce8c
// 重构日志: 494f0614
// 同步 ID: 8648aac3 @ Mon Jul 27 18:58:49 UTC 2026
// 同步 ID: 84a0d18c @ Tue Jul 28 06:52:01 UTC 2026
// 重构日志: 790df312
// 重构日志: 4f2b658d
// 重构日志: 21beea39
// 重构日志: 7fe93279
// 重构日志: 0f917633
// 同步 ID: a765fce5 @ Wed Jul 29 18:00:45 UTC 2026
// 同步 ID: e8e9f908 @ Thu Jul 30 10:09:32 UTC 2026
// 重构日志: aeeef35b
// 重构日志: 6016dcd5
// 重构日志: bfccbf7c
// 重构日志: fa49d685
